../Core/Src/GPIO.c:251:6:gpio_pin_one_output_config	8	static
../Core/Src/GPIO.c:267:6:gpio_pin_two_input_config	4	static
../Core/Src/GPIO.c:283:6:set_gpio_pin_one	4	static
../Core/Src/GPIO.c:287:6:reset_gpio_pin_one	4	static
../Core/Src/GPIO.c:292:7:check_gpio_two_input	4	static
../Core/Src/GPIO.c:299:6:init_IO	8	static
../Core/Src/GPIO.c:318:6:set_cart_rom_pins_input	4	static
../Core/Src/GPIO.c:347:6:set_cart_rom_pins_output	4	static
../Core/Src/GPIO.c:385:6:write_rom_address	24	static
../Core/Src/GPIO.c:443:10:read_cart_rom	16	static
../Core/Src/GPIO.c:474:6:init_control_pins	8	static
../Core/Src/GPIO.c:493:6:CLK_HIGH	4	static
../Core/Src/GPIO.c:498:6:CLK_LOW	4	static
../Core/Src/GPIO.c:504:6:CS_HIGH	4	static
../Core/Src/GPIO.c:509:6:CS_LOW	4	static
../Core/Src/GPIO.c:515:6:WR_HIGH	4	static
../Core/Src/GPIO.c:519:6:WR_LOW	4	static
../Core/Src/GPIO.c:524:6:RD_HIGH	4	static
../Core/Src/GPIO.c:528:6:RD_LOW	4	static
